--------- beginning of main
09-21 14:19:44.272   773   773 D StatusBarIconController: ignoring old pipeline callbacks, because the new mobile icons are enabled
09-21 14:19:44.393 11712 11715 W ziparchive: Unable to open '/data/user_de/0/com.google.android.gms/app_chimera/m/00000009/dl-MlkitBarcodeUi.optional_231818100000.dm': No such file or directory
09-21 14:19:44.393 11712 11715 W ziparchive: Unable to open '/data/user_de/0/com.google.android.gms/app_chimera/m/00000009/dl-MlkitBarcodeUi.optional_231818100000.dm': No such file or directory
09-21 14:19:44.393 11712 11715 W ziparchive: Unable to open '/data/user_de/0/com.google.android.gms/app_chimera/m/00000001/CronetDynamite.dm': No such file or directory
09-21 14:19:44.393 11712 11715 W ziparchive: Unable to open '/data/user_de/0/com.google.android.gms/app_chimera/m/00000001/CronetDynamite.dm': No such file or directory
09-21 14:19:44.394 11712 11715 W ziparchive: Unable to open '/data/user_de/0/com.google.android.gms/app_chimera/m/00000002/DynamiteLoader.dm': No such file or directory
09-21 14:19:44.394 11712 11715 W ziparchive: Unable to open '/data/user_de/0/com.google.android.gms/app_chimera/m/00000002/DynamiteLoader.dm': No such file or directory
09-21 14:19:44.394 11712 11715 W ziparchive: Unable to open '/data/user_de/0/com.google.android.gms/app_chimera/m/00000013/dl-VisionOcr.optional_263436100000.dm': No such file or directory
09-21 14:19:44.394 11712 11715 W ziparchive: Unable to open '/data/user_de/0/com.google.android.gms/app_chimera/m/00000013/dl-VisionOcr.optional_263436100000.dm': No such file or directory
09-21 14:19:44.395 11712 11715 W ziparchive: Unable to open '/data/user_de/0/com.google.android.gms/app_chimera/m/00000005/GoogleCertificates.dm': No such file or directory
09-21 14:19:44.395 11712 11715 W ziparchive: Unable to open '/data/user_de/0/com.google.android.gms/app_chimera/m/00000005/GoogleCertificates.dm': No such file or directory
09-21 14:19:44.395 11712 11715 W ziparchive: Unable to open '/data/user_de/0/com.google.android.gms/app_chimera/m/0000000d/dl-VisionOcrDynamite.integ_231602402100000.dm': No such file or directory
09-21 14:19:44.395 11712 11715 W ziparchive: Unable to open '/data/user_de/0/com.google.android.gms/app_chimera/m/0000000d/dl-VisionOcrDynamite.integ_231602402100000.dm': No such file or directory
09-21 14:19:44.396 11712 11715 W ziparchive: Unable to open '/data/user_de/0/com.google.android.gms/app_chimera/m/00000015/dl-MlkitBarcodeUi.optional_263436100400.dm': No such file or directory
09-21 14:19:44.396 11712 11715 W ziparchive: Unable to open '/data/user_de/0/com.google.android.gms/app_chimera/m/00000015/dl-MlkitBarcodeUi.optional_263436100400.dm': No such file or directory
09-21 14:19:44.398 11712 11715 W ziparchive: Unable to open '/data/user_de/0/com.google.android.gms/app_chimera/m/00000016/dl-Appsearch.optional_263436100400.dm': No such file or directory
09-21 14:19:44.398 11712 11715 W ziparchive: Unable to open '/data/user_de/0/com.google.android.gms/app_chimera/m/00000016/dl-Appsearch.optional_263436100400.dm': No such file or directory
09-21 14:19:44.399 11712 11715 W ziparchive: Unable to open '/data/user_de/0/com.google.android.gms/app_chimera/m/0000000a/dl-MlkitOcrCommon.optional_231818100400.dm': No such file or directory
09-21 14:19:44.399 11712 11715 W ziparchive: Unable to open '/data/user_de/0/com.google.android.gms/app_chimera/m/0000000a/dl-MlkitOcrCommon.optional_231818100400.dm': No such file or directory
09-21 14:19:44.399 11712 11715 W ziparchive: Unable to open '/data/user_de/0/com.google.android.gms/app_chimera/m/00000000/AdsDynamite.dm': No such file or directory
09-21 14:19:44.399 11712 11715 W ziparchive: Unable to open '/data/user_de/0/com.google.android.gms/app_chimera/m/00000000/AdsDynamite.dm': No such file or directory
09-21 14:19:44.400 11712 11715 W ziparchive: Unable to open '/data/user_de/0/com.google.android.gms/app_chimera/m/0000000c/dl-TfliteDynamiteDynamite.integ_262730502100400.dm': No such file or directory
09-21 14:19:44.400 11712 11715 W ziparchive: Unable to open '/data/user_de/0/com.google.android.gms/app_chimera/m/0000000c/dl-TfliteDynamiteDynamite.integ_262730502100400.dm': No such file or directory
09-21 14:19:44.401 11712 11715 W ziparchive: Unable to open '/data/user_de/0/com.google.android.gms/app_chimera/m/00000014/dl-MlkitOcrCommon.optional_263436100400.dm': No such file or directory
09-21 14:19:44.401 11712 11715 W ziparchive: Unable to open '/data/user_de/0/com.google.android.gms/app_chimera/m/00000014/dl-MlkitOcrCommon.optional_263436100400.dm': No such file or directory
09-21 14:19:44.401 11712 11715 W ziparchive: Unable to open '/data/user_de/0/com.google.android.gms/app_chimera/m/00000007/MeasurementDynamite.dm': No such file or directory
09-21 14:19:44.401 11712 11715 W ziparchive: Unable to open '/data/user_de/0/com.google.android.gms/app_chimera/m/00000007/MeasurementDynamite.dm': No such file or directory
09-21 14:19:44.402 11712 11715 W ziparchive: Unable to open '/data/user_de/0/com.google.android.gms/app_chimera/m/00000018/dl-IdentityCredentialsPlatform.optional_263436100400.dm': No such file or directory
09-21 14:19:44.402 11712 11715 W ziparchive: Unable to open '/data/user_de/0/com.google.android.gms/app_chimera/m/00000018/dl-IdentityCredentialsPlatform.optional_263436100400.dm': No such file or directory
09-21 14:19:46.578   540   741 D androidtc: Initializing SystemTextClassifier, type = System
--------- beginning of system
09-21 14:19:46.580   540   741 E ClipboardService: Denying clipboard access to host.exp.exponent, application is not in focus nor is it a system service for user 0
09-21 14:19:46.581  1520  1520 I AiAiTextClassifier: onCreateTextClassificationSession = TextClassificationSessionId {7987120d-9ef3-4680-92fe-bf162543597a}
09-21 14:19:46.587   773   773 I ClipboardListener: Clipboard overlay suppressed.
09-21 14:19:46.587  1520  1837 I AiAiTranslate: C2T - not in a conversation
09-21 14:19:46.597  1520  1939 I AiAiTextClassifier: GenerateLinks did not find valid links, returning empty result
09-21 14:19:46.598   540   742 E ClipboardService: Denying clipboard access to host.exp.exponent, application is not in focus nor is it a system service for user 0
09-21 14:19:46.602   773   773 I ClipboardListener: Clipboard overlay suppressed.
09-21 14:19:46.602  1520  1939 I AiAiTextClassifier: GenerateLinks did not find valid links, returning empty result
09-21 14:19:48.594   383  1589 D audioserver: FGS Logger Transaction failed
09-21 14:19:48.594   383  1589 D audioserver: -129
09-21 14:19:48.749  6901  6925 D EGL_emulation: app_time_stats: avg=551.00ms min=0.65ms max=8162.81ms count=15
09-21 14:19:48.790   383   502 D audioserver: FGS Logger Transaction failed
09-21 14:19:48.790   383   502 D audioserver: -129
09-21 14:19:49.835  9149  9149 I wpa_supplicant: wlan0: CTRL-EVENT-BEACON-LOSS 
09-21 14:19:50.414  6901  6925 D EGL_emulation: app_time_stats: avg=329.36ms min=4.95ms max=1494.09ms count=5
09-21 14:19:51.672   353  4069 D android.hardware.audio@7.1-impl.ranchu: threadLoop: entering standby, frames: 20973376
